Archive member included to satisfy reference by file (symbol)

c:/st/stm32cubeide_1.7.0/stm32cubeide/plugins/com.st.stm32cube.ide.mcu.externaltools.gnu-tools-for-stm32.10.3-2021.10.win32_1.0.0.202111181127/tools/bin/../lib/gcc/arm-none-eabi/10.3.1/../../../../arm-none-eabi/lib/thumb/v6-m/nofp\libc_nano.a(lib_a-errno.o)
                              ./Core/Src/syscalls.o (__errno)
c:/st/stm32cubeide_1.7.0/stm32cubeide/plugins/com.st.stm32cube.ide.mcu.externaltools.gnu-tools-for-stm32.10.3-2021.10.win32_1.0.0.202111181127/tools/bin/../lib/gcc/arm-none-eabi/10.3.1/../../../../arm-none-eabi/lib/thumb/v6-m/nofp\libc_nano.a(lib_a-exit.o)
                              c:/st/stm32cubeide_1.7.0/stm32cubeide/plugins/com.st.stm32cube.ide.mcu.externaltools.gnu-tools-for-stm32.10.3-2021.10.win32_1.0.0.202111181127/tools/bin/../lib/gcc/arm-none-eabi/10.3.1/../../../../arm-none-eabi/lib/thumb/v6-m/nofp/crt0.o (exit)
c:/st/stm32cubeide_1.7.0/stm32cubeide/plugins/com.st.stm32cube.ide.mcu.externaltools.gnu-tools-for-stm32.10.3-2021.10.win32_1.0.0.202111181127/tools/bin/../lib/gcc/arm-none-eabi/10.3.1/../../../../arm-none-eabi/lib/thumb/v6-m/nofp\libc_nano.a(lib_a-impure.o)
                              c:/st/stm32cubeide_1.7.0/stm32cubeide/plugins/com.st.stm32cube.ide.mcu.externaltools.gnu-tools-for-stm32.10.3-2021.10.win32_1.0.0.202111181127/tools/bin/../lib/gcc/arm-none-eabi/10.3.1/../../../../arm-none-eabi/lib/thumb/v6-m/nofp\libc_nano.a(lib_a-exit.o) (_global_impure_ptr)
c:/st/stm32cubeide_1.7.0/stm32cubeide/plugins/com.st.stm32cube.ide.mcu.externaltools.gnu-tools-for-stm32.10.3-2021.10.win32_1.0.0.202111181127/tools/bin/../lib/gcc/arm-none-eabi/10.3.1/../../../../arm-none-eabi/lib/thumb/v6-m/nofp\libc_nano.a(lib_a-init.o)
                              c:/st/stm32cubeide_1.7.0/stm32cubeide/plugins/com.st.stm32cube.ide.mcu.externaltools.gnu-tools-for-stm32.10.3-2021.10.win32_1.0.0.202111181127/tools/bin/../lib/gcc/arm-none-eabi/10.3.1/../../../../arm-none-eabi/lib/thumb/v6-m/nofp/crt0.o (__libc_init_array)
c:/st/stm32cubeide_1.7.0/stm32cubeide/plugins/com.st.stm32cube.ide.mcu.externaltools.gnu-tools-for-stm32.10.3-2021.10.win32_1.0.0.202111181127/tools/bin/../lib/gcc/arm-none-eabi/10.3.1/../../../../arm-none-eabi/lib/thumb/v6-m/nofp\libc_nano.a(lib_a-memset.o)
                              c:/st/stm32cubeide_1.7.0/stm32cubeide/plugins/com.st.stm32cube.ide.mcu.externaltools.gnu-tools-for-stm32.10.3-2021.10.win32_1.0.0.202111181127/tools/bin/../lib/gcc/arm-none-eabi/10.3.1/../../../../arm-none-eabi/lib/thumb/v6-m/nofp/crt0.o (memset)
c:/st/stm32cubeide_1.7.0/stm32cubeide/plugins/com.st.stm32cube.ide.mcu.externaltools.gnu-tools-for-stm32.10.3-2021.10.win32_1.0.0.202111181127/tools/bin/../lib/gcc/arm-none-eabi/10.3.1/thumb/v6-m/nofp\libgcc.a(_udivsi3.o)
                              ./Core/Src/system_stm32g0xx.o (__aeabi_uidiv)
c:/st/stm32cubeide_1.7.0/stm32cubeide/plugins/com.st.stm32cube.ide.mcu.externaltools.gnu-tools-for-stm32.10.3-2021.10.win32_1.0.0.202111181127/tools/bin/../lib/gcc/arm-none-eabi/10.3.1/thumb/v6-m/nofp\libgcc.a(_divsi3.o)
                              ./Drivers/STM32G0xx_HAL_Driver/Src/stm32g0xx_hal_uart_ex.o (__aeabi_idiv)
c:/st/stm32cubeide_1.7.0/stm32cubeide/plugins/com.st.stm32cube.ide.mcu.externaltools.gnu-tools-for-stm32.10.3-2021.10.win32_1.0.0.202111181127/tools/bin/../lib/gcc/arm-none-eabi/10.3.1/thumb/v6-m/nofp\libgcc.a(_dvmd_tls.o)
                              c:/st/stm32cubeide_1.7.0/stm32cubeide/plugins/com.st.stm32cube.ide.mcu.externaltools.gnu-tools-for-stm32.10.3-2021.10.win32_1.0.0.202111181127/tools/bin/../lib/gcc/arm-none-eabi/10.3.1/thumb/v6-m/nofp\libgcc.a(_udivsi3.o) (__aeabi_idiv0)
c:/st/stm32cubeide_1.7.0/stm32cubeide/plugins/com.st.stm32cube.ide.mcu.externaltools.gnu-tools-for-stm32.10.3-2021.10.win32_1.0.0.202111181127/tools/bin/../lib/gcc/arm-none-eabi/10.3.1/thumb/v6-m/nofp\libgcc.a(_aeabi_uldivmod.o)
                              ./Drivers/STM32G0xx_HAL_Driver/Src/stm32g0xx_hal_uart.o (__aeabi_uldivmod)
c:/st/stm32cubeide_1.7.0/stm32cubeide/plugins/com.st.stm32cube.ide.mcu.externaltools.gnu-tools-for-stm32.10.3-2021.10.win32_1.0.0.202111181127/tools/bin/../lib/gcc/arm-none-eabi/10.3.1/thumb/v6-m/nofp\libgcc.a(_udivmoddi4.o)
                              c:/st/stm32cubeide_1.7.0/stm32cubeide/plugins/com.st.stm32cube.ide.mcu.externaltools.gnu-tools-for-stm32.10.3-2021.10.win32_1.0.0.202111181127/tools/bin/../lib/gcc/arm-none-eabi/10.3.1/thumb/v6-m/nofp\libgcc.a(_aeabi_uldivmod.o) (__udivmoddi4)
c:/st/stm32cubeide_1.7.0/stm32cubeide/plugins/com.st.stm32cube.ide.mcu.externaltools.gnu-tools-for-stm32.10.3-2021.10.win32_1.0.0.202111181127/tools/bin/../lib/gcc/arm-none-eabi/10.3.1/thumb/v6-m/nofp\libgcc.a(_clzdi2.o)
                              c:/st/stm32cubeide_1.7.0/stm32cubeide/plugins/com.st.stm32cube.ide.mcu.externaltools.gnu-tools-for-stm32.10.3-2021.10.win32_1.0.0.202111181127/tools/bin/../lib/gcc/arm-none-eabi/10.3.1/thumb/v6-m/nofp\libgcc.a(_udivmoddi4.o) (__clzdi2)
[...]
Memory Configuration

Name             Origin             Length             Attributes
RAM              0x0000000020000000 0x0000000000009000 xrw
FLASH            0x0000000008000000 0x0000000000020000 xr
*default*        0x0000000000000000 0xffffffffffffffff

Linker script and memory map

LOAD c:/st/stm32cubeide_1.7.0/stm32cubeide/plugins/com.st.stm32cube.ide.mcu.externaltools.gnu-tools-for-stm32.10.3-2021.10.win32_1.0.0.202111181127/tools/bin/../lib/gcc/arm-none-eabi/10.3.1/thumb/v6-m/nofp/crti.o
LOAD c:/st/stm32cubeide_1.7.0/stm32cubeide/plugins/com.st.stm32cube.ide.mcu.externaltools.gnu-tools-for-stm32.10.3-2021.10.win32_1.0.0.202111181127/tools/bin/../lib/gcc/arm-none-eabi/10.3.1/thumb/v6-m/nofp/crtbegin.o
LOAD c:/st/stm32cubeide_1.7.0/stm32cubeide/plugins/com.st.stm32cube.ide.mcu.externaltools.gnu-tools-for-stm32.10.3-2021.10.win32_1.0.0.202111181127/tools/bin/../lib/gcc/arm-none-eabi/10.3.1/../../../../arm-none-eabi/lib/thumb/v6-m/nofp/crt0.o
LOAD ./Core/Src/main.o
LOAD ./Core/Src/stm32g0xx_hal_msp.o
LOAD ./Core/Src/stm32g0xx_it.o
LOAD ./Core/Src/syscalls.o
LOAD ./Core/Src/sysmem.o
LOAD ./Core/Src/system_stm32g0xx.o
LOAD ./Core/Startup/startup_stm32g071rbtx.o
LOAD ./Drivers/STM32G0xx_HAL_Driver/Src/stm32g0xx_hal.o
LOAD ./Drivers/STM32G0xx_HAL_Driver/Src/stm32g0xx_hal_cortex.o
LOAD ./Drivers/STM32G0xx_HAL_Driver/Src/stm32g0xx_hal_dma.o
LOAD ./Drivers/STM32G0xx_HAL_Driver/Src/stm32g0xx_hal_dma_ex.o
LOAD ./Drivers/STM32G0xx_HAL_Driver/Src/stm32g0xx_hal_exti.o
LOAD ./Drivers/STM32G0xx_HAL_Driver/Src/stm32g0xx_hal_flash.o
LOAD ./Drivers/STM32G0xx_HAL_Driver/Src/stm32g0xx_hal_flash_ex.o
LOAD ./Drivers/STM32G0xx_HAL_Driver/Src/stm32g0xx_hal_gpio.o
LOAD ./Drivers/STM32G0xx_HAL_Driver/Src/stm32g0xx_hal_pwr.o
LOAD ./Drivers/STM32G0xx_HAL_Driver/Src/stm32g0xx_hal_pwr_ex.o
LOAD ./Drivers/STM32G0xx_HAL_Driver/Src/stm32g0xx_hal_rcc.o
LOAD ./Drivers/STM32G0xx_HAL_Driver/Src/stm32g0xx_hal_rcc_ex.o
LOAD ./Drivers/STM32G0xx_HAL_Driver/Src/stm32g0xx_hal_rtc.o
LOAD ./Drivers/STM32G0xx_HAL_Driver/Src/stm32g0xx_hal_rtc_ex.o
LOAD ./Drivers/STM32G0xx_HAL_Driver/Src/stm32g0xx_hal_tim.o
LOAD ./Drivers/STM32G0xx_HAL_Driver/Src/stm32g0xx_hal_tim_ex.o
LOAD ./Drivers/STM32G0xx_HAL_Driver/Src/stm32g0xx_hal_uart.o
LOAD ./Drivers/STM32G0xx_HAL_Driver/Src/stm32g0xx_hal_uart_ex.o
LOAD ./Drivers/STM32G0xx_HAL_Driver/Src/stm32g0xx_ll_dma.o
LOAD ./Drivers/STM32G0xx_HAL_Driver/Src/stm32g0xx_ll_rcc.o
START GROUP
LOAD c:/st/stm32cubeide_1.7.0/stm32cubeide/plugins/com.st.stm32cube.ide.mcu.externaltools.gnu-tools-for-stm32.10.3-2021.10.win32_1.0.0.202111181127/tools/bin/../lib/gcc/arm-none-eabi/10.3.1/../../../../arm-none-eabi/lib/thumb/v6-m/nofp\libc_nano.a
LOAD c:/st/stm32cubeide_1.7.0/stm32cubeide/plugins/com.st.stm32cube.ide.mcu.externaltools.gnu-tools-for-stm32.10.3-2021.10.win32_1.0.0.202111181127/tools/bin/../lib/gcc/arm-none-eabi/10.3.1/../../../../arm-none-eabi/lib/thumb/v6-m/nofp\libm.a
END GROUP
START GROUP
LOAD c:/st/stm32cubeide_1.7.0/stm32cubeide/plugins/com.st.stm32cube.ide.mcu.externaltools.gnu-tools-for-stm32.10.3-2021.10.win32_1.0.0.202111181127/tools/bin/../lib/gcc/arm-none-eabi/10.3.1/thumb/v6-m/nofp\libgcc.a
LOAD c:/st/stm32cubeide_1.7.0/stm32cubeide/plugins/com.st.stm32cube.ide.mcu.externaltools.gnu-tools-for-stm32.10.3-2021.10.win32_1.0.0.202111181127/tools/bin/../lib/gcc/arm-none-eabi/10.3.1/../../../../arm-none-eabi/lib/thumb/v6-m/nofp\libc_nano.a
END GROUP
START GROUP
LOAD c:/st/stm32cubeide_1.7.0/stm32cubeide/plugins/com.st.stm32cube.ide.mcu.externaltools.gnu-tools-for-stm32.10.3-2021.10.win32_1.0.0.202111181127/tools/bin/../lib/gcc/arm-none-eabi/10.3.1/thumb/v6-m/nofp\libgcc.a
LOAD c:/st/stm32cubeide_1.7.0/stm32cubeide/plugins/com.st.stm32cube.ide.mcu.externaltools.gnu-tools-for-stm32.10.3-2021.10.win32_1.0.0.202111181127/tools/bin/../lib/gcc/arm-none-eabi/10.3.1/../../../../arm-none-eabi/lib/thumb/v6-m/nofp\libc_nano.a
LOAD c:/st/stm32cubeide_1.7.0/stm32cubeide/plugins/com.st.stm32cube.ide.mcu.externaltools.gnu-tools-for-stm32.10.3-2021.10.win32_1.0.0.202111181127/tools/bin/../lib/gcc/arm-none-eabi/10.3.1/../../../../arm-none-eabi/lib/thumb/v6-m/nofp\libnosys.a
END GROUP
START GROUP
LOAD c:/st/stm32cubeide_1.7.0/stm32cubeide/plugins/com.st.stm32cube.ide.mcu.externaltools.gnu-tools-for-stm32.10.3-2021.10.win32_1.0.0.202111181127/tools/bin/../lib/gcc/arm-none-eabi/10.3.1/thumb/v6-m/nofp\libgcc.a
LOAD c:/st/stm32cubeide_1.7.0/stm32cubeide/plugins/com.st.stm32cube.ide.mcu.externaltools.gnu-tools-for-stm32.10.3-2021.10.win32_1.0.0.202111181127/tools/bin/../lib/gcc/arm-none-eabi/10.3.1/../../../../arm-none-eabi/lib/thumb/v6-m/nofp\libc_nano.a
LOAD c:/st/stm32cubeide_1.7.0/stm32cubeide/plugins/com.st.stm32cube.ide.mcu.externaltools.gnu-tools-for-stm32.10.3-2021.10.win32_1.0.0.202111181127/tools/bin/../lib/gcc/arm-none-eabi/10.3.1/../../../../arm-none-eabi/lib/thumb/v6-m/nofp\libnosys.a
END GROUP
LOAD c:/st/stm32cubeide_1.7.0/stm32cubeide/plugins/com.st.stm32cube.ide.mcu.externaltools.gnu-tools-for-stm32.10.3-2021.10.win32_1.0.0.202111181127/tools/bin/../lib/gcc/arm-none-eabi/10.3.1/thumb/v6-m/nofp/crtend.o
LOAD c:/st/stm32cubeide_1.7.0/stm32cubeide/plugins/com.st.stm32cube.ide.mcu.externaltools.gnu-tools-for-stm32.10.3-2021.10.win32_1.0.0.202111181127/tools/bin/../lib/gcc/arm-none-eabi/10.3.1/thumb/v6-m/nofp/crtn.o
                0x0000000020009000                _estack = (ORIGIN (RAM) + LENGTH (RAM))
                0x0000000000000200                _Min_Heap_Size = 0x200
                0x0000000000000400                _Min_Stack_Size = 0x400

.isr_vector     0x0000000008000000       0xbc
                0x0000000008000000                . = ALIGN (0x4)
 *(.isr_vector)
 .isr_vector    0x0000000008000000       0xbc ./Core/Startup/startup_stm32g071rbtx.o
                0x0000000008000000                g_pfnVectors
                0x00000000080000bc                . = ALIGN (0x4)

.text           0x00000000080000bc     0x4078
                0x00000000080000bc                . = ALIGN (0x4)
 *(.text)
 .text          0x00000000080000bc       0x48 c:/st/stm32cubeide_1.7.0/stm32cubeide/plugins/com.st.stm32cube.ide.mcu.externaltools.gnu-tools-for-stm32.10.3-2021.10.win32_1.0.0.202111181127/tools/bin/../lib/gcc/arm-none-eabi/10.3.1/thumb/v6-m/nofp/crtbegin.o
 .text          0x0000000008000104      0x114 c:/st/stm32cubeide_1.7.0/stm32cubeide/plugins/com.st.stm32cube.ide.mcu.externaltools.gnu-tools-for-stm32.10.3-2021.10.win32_1.0.0.202111181127/tools/bin/../lib/gcc/arm-none-eabi/10.3.1/thumb/v6-m/nofp\libgcc.a(_udivsi3.o)
                0x0000000008000104                __aeabi_uidiv
                0x0000000008000104                __udivsi3
                0x0000000008000210                __aeabi_uidivmod
 .text          0x0000000008000218      0x1d4 c:/st/stm32cubeide_1.7.0/stm32cubeide/plugins/com.st.stm32cube.ide.mcu.externaltools.gnu-tools-for-stm32.10.3-2021.10.win32_1.0.0.202111181127/tools/bin/../lib/gcc/arm-none-eabi/10.3.1/thumb/v6-m/nofp\libgcc.a(_divsi3.o)
                0x0000000008000218                __divsi3
                0x0000000008000218                __aeabi_idiv
                0x00000000080003e4                __aeabi_idivmod
 .text          0x00000000080003ec        0x4 c:/st/stm32cubeide_1.7.0/stm32cubeide/plugins/com.st.stm32cube.ide.mcu.externaltools.gnu-tools-for-stm32.10.3-2021.10.win32_1.0.0.202111181127/tools/bin/../lib/gcc/arm-none-eabi/10.3.1/thumb/v6-m/nofp\libgcc.a(_dvmd_tls.o)
                0x00000000080003ec                __aeabi_idiv0
                0x00000000080003ec                __aeabi_ldiv0
 .text          0x00000000080003f0       0x40 c:/st/stm32cubeide_1.7.0/stm32cubeide/plugins/com.st.stm32cube.ide.mcu.externaltools.gnu-tools-for-stm32.10.3-2021.10.win32_1.0.0.202111181127/tools/bin/../lib/gcc/arm-none-eabi/10.3.1/thumb/v6-m/nofp\libgcc.a(_aeabi_uldivmod.o)
                0x00000000080003f0                __aeabi_uldivmod
 .text          0x0000000008000430      0x198 c:/st/stm32cubeide_1.7.0/stm32cubeide/plugins/com.st.stm32cube.ide.mcu.externaltools.gnu-tools-for-stm32.10.3-2021.10.win32_1.0.0.202111181127/tools/bin/../lib/gcc/arm-none-eabi/10.3.1/thumb/v6-m/nofp\libgcc.a(_udivmoddi4.o)
                0x0000000008000430                __udivmoddi4
 .text          0x00000000080005c8       0x18 c:/st/stm32cubeide_1.7.0/stm32cubeide/plugins/com.st.stm32cube.ide.mcu.externaltools.gnu-tools-for-stm32.10.3-2021.10.win32_1.0.0.202111181127/tools/bin/../lib/gcc/arm-none-eabi/10.3.1/thumb/v6-m/nofp\libgcc.a(_clzdi2.o)
                0x00000000080005c8                __clzdi2
 .text          0x00000000080005e0       0x3c c:/st/stm32cubeide_1.7.0/stm32cubeide/plugins/com.st.stm32cube.ide.mcu.externaltools.gnu-tools-for-stm32.10.3-2021.10.win32_1.0.0.202111181127/tools/bin/../lib/gcc/arm-none-eabi/10.3.1/thumb/v6-m/nofp\libgcc.a(_clzsi2.o)
                0x00000000080005e0                __clzsi2
 *(.text*)
 .text.main     0x000000000800061c       0x22 ./Core/Src/main.o
                0x000000000800061c                main
 *fill*         0x000000000800063e        0x2 
 .text.SystemClock_Config
                0x0000000008000640       0xac ./Core/Src/main.o
                0x0000000008000640                SystemClock_Config
 .text.MX_RTC_Init
                0x00000000080006ec       0x70 ./Core/Src/main.o
 .text.MX_TIM14_Init
                0x000000000800075c       0x50 ./Core/Src/main.o
 .text.MX_USART2_UART_Init
                0x00000000080007ac       0x9c ./Core/Src/main.o
 .text.MX_DMA_Init
                0x0000000008000848       0x3c ./Core/Src/main.o
 .text.MX_GPIO_Init
                0x0000000008000884       0x5c ./Core/Src/main.o
 .text.Error_Handler
                0x00000000080008e0        0xa ./Core/Src/main.o
                0x00000000080008e0                Error_Handler
 *fill*         0x00000000080008ea        0x2 
 .text.HAL_MspInit
                0x00000000080008ec       0x48 ./Core/Src/stm32g0xx_hal_msp.o
                0x00000000080008ec                HAL_MspInit
 .text.HAL_RTC_MspInit
                0x0000000008000934       0x8c ./Core/Src/stm32g0xx_hal_msp.o
                0x0000000008000934                HAL_RTC_MspInit
 .text.HAL_TIM_Base_MspInit
                0x00000000080009c0       0x50 ./Core/Src/stm32g0xx_hal_msp.o
                0x00000000080009c0                HAL_TIM_Base_MspInit
 .text.HAL_UART_MspInit
                0x0000000008000a10      0x12c ./Core/Src/stm32g0xx_hal_msp.o
                0x0000000008000a10                HAL_UART_MspInit
 .text.NMI_Handler
                0x0000000008000b3c        0x6 ./Core/Src/stm32g0xx_it.o
                0x0000000008000b3c                NMI_Handler
 .text.HardFault_Handler
                0x0000000008000b42        0x6 ./Core/Src/stm32g0xx_it.o
                0x0000000008000b42                HardFault_Handler
 .text.SVC_Handler
                0x0000000008000b48        0xa ./Core/Src/stm32g0xx_it.o
                0x0000000008000b48                SVC_Handler
 .text.PendSV_Handler
                0x0000000008000b52        0xa ./Core/Src/stm32g0xx_it.o
                0x0000000008000b52                PendSV_Handler
 .text.SysTick_Handler
                0x0000000008000b5c        0xe ./Core/Src/stm32g0xx_it.o
                0x0000000008000b5c                SysTick_Handler
 *fill*         0x0000000008000b6a        0x2 
 .text.RTC_TAMP_IRQHandler
                0x0000000008000b6c       0x18 ./Core/Src/stm32g0xx_it.o
                0x0000000008000b6c                RTC_TAMP_IRQHandler
 .text.DMA1_Channel1_IRQHandler
                0x0000000008000b84       0x18 ./Core/Src/stm32g0xx_it.o
                0x0000000008000b84                DMA1_Channel1_IRQHandler
 .text.TIM14_IRQHandler
                0x0000000008000b9c       0x18 ./Core/Src/stm32g0xx_it.o
                0x0000000008000b9c                TIM14_IRQHandler
 .text.USART2_IRQHandler
                0x0000000008000bb4       0x18 ./Core/Src/stm32g0xx_it.o
                0x0000000008000bb4                USART2_IRQHandler
 .text.SystemInit
                0x0000000008000bcc        0xa ./Core/Src/system_stm32g0xx.o
                0x0000000008000bcc                SystemInit
 *fill*         0x0000000008000bd6        0x2 
 .text.Reset_Handler
                0x0000000008000bd8       0x50 ./Core/Startup/startup_stm32g071rbtx.o
                0x0000000008000bd8                Reset_Handler
 .text.Default_Handler
                0x0000000008000c28        0x2 ./Core/Startup/startup_stm32g071rbtx.o
                0x0000000008000c28                USART3_4_LPUART1_IRQHandler
                0x0000000008000c28                TIM1_CC_IRQHandler
                0x0000000008000c28                ADC1_COMP_IRQHandler
                0x0000000008000c28                PVD_IRQHandler
                0x0000000008000c28                I2C1_IRQHandler
                0x0000000008000c28                TIM7_LPTIM2_IRQHandler
                0x0000000008000c28                SPI1_IRQHandler
                0x0000000008000c28                EXTI2_3_IRQHandler
                0x0000000008000c28                I2C2_IRQHandler
                0x0000000008000c28                TIM17_IRQHandler
                0x0000000008000c28                TIM16_IRQHandler
                0x0000000008000c28                TIM3_IRQHandler
                0x0000000008000c28                EXTI4_15_IRQHandler
                0x0000000008000c28                RCC_IRQHandler
                0x0000000008000c28                Default_Handler
                0x0000000008000c28                CEC_IRQHandler
                0x0000000008000c28                TIM15_IRQHandler
                0x0000000008000c28                EXTI0_1_IRQHandler
                0x0000000008000c28                SPI2_IRQHandler
                0x0000000008000c28                TIM6_DAC_LPTIM1_IRQHandler
                0x0000000008000c28                WWDG_IRQHandler
                0x0000000008000c28                TIM2_IRQHandler
                0x0000000008000c28                DMA1_Ch4_7_DMAMUX1_OVR_IRQHandler
                0x0000000008000c28                DMA1_Channel2_3_IRQHandler
                0x0000000008000c28                UCPD1_2_IRQHandler
                0x0000000008000c28                FLASH_IRQHandler
                0x0000000008000c28                USART1_IRQHandler
                0x0000000008000c28                TIM1_BRK_UP_TRG_COM_IRQHandler
 *fill*         0x0000000008000c2a        0x2 
 .text.HAL_Init
                0x0000000008000c2c       0x40 ./Drivers/STM32G0xx_HAL_Driver/Src/stm32g0xx_hal.o
                0x0000000008000c2c                HAL_Init
 .text.HAL_InitTick
                0x0000000008000c6c       0x94 ./Drivers/STM32G0xx_HAL_Driver/Src/stm32g0xx_hal.o
                0x0000000008000c6c                HAL_InitTick
 .text.HAL_IncTick
                0x0000000008000d00       0x24 ./Drivers/STM32G0xx_HAL_Driver/Src/stm32g0xx_hal.o
                0x0000000008000d00                HAL_IncTick
 .text.HAL_GetTick
                0x0000000008000d24       0x14 ./Drivers/STM32G0xx_HAL_Driver/Src/stm32g0xx_hal.o
                0x0000000008000d24                HAL_GetTick
 .text.__NVIC_EnableIRQ
                0x0000000008000d38       0x34 ./Drivers/STM32G0xx_HAL_Driver/Src/stm32g0xx_hal_cortex.o
 .text.__NVIC_SetPriority
                0x0000000008000d6c       0xdc ./Drivers/STM32G0xx_HAL_Driver/Src/stm32g0xx_hal_cortex.o
 .text.SysTick_Config
                0x0000000008000e48       0x48 ./Drivers/STM32G0xx_HAL_Driver/Src/stm32g0xx_hal_cortex.o
 .text.HAL_NVIC_SetPriority
                0x0000000008000e90       0x2a ./Drivers/STM32G0xx_HAL_Driver/Src/stm32g0xx_hal_cortex.o
                0x0000000008000e90                HAL_NVIC_SetPriority
 .text.HAL_NVIC_EnableIRQ
                0x0000000008000eba       0x20 ./Drivers/STM32G0xx_HAL_Driver/Src/stm32g0xx_hal_cortex.o
                0x0000000008000eba                HAL_NVIC_EnableIRQ
 .text.HAL_SYSTICK_Config
                0x0000000008000eda       0x1a ./Drivers/STM32G0xx_HAL_Driver/Src/stm32g0xx_hal_cortex.o
                0x0000000008000eda                HAL_SYSTICK_Config
 .text.HAL_DMA_Init
                0x0000000008000ef4      0x114 ./Drivers/STM32G0xx_HAL_Driver/Src/stm32g0xx_hal_dma.o
                0x0000000008000ef4                HAL_DMA_Init
 .text.HAL_DMA_Abort
                0x0000000008001008       0xc4 ./Drivers/STM32G0xx_HAL_Driver/Src/stm32g0xx_hal_dma.o
                0x0000000008001008                HAL_DMA_Abort
 .text.HAL_DMA_Abort_IT
                0x00000000080010cc       0xd4 ./Drivers/STM32G0xx_HAL_Driver/Src/stm32g0xx_hal_dma.o
                0x00000000080010cc                HAL_DMA_Abort_IT
 .text.HAL_DMA_IRQHandler
                0x00000000080011a0      0x164 ./Drivers/STM32G0xx_HAL_Driver/Src/stm32g0xx_hal_dma.o
                0x00000000080011a0                HAL_DMA_IRQHandler
 .text.DMA_CalcDMAMUXChannelBaseAndMask
                0x0000000008001304       0x58 ./Drivers/STM32G0xx_HAL_Driver/Src/stm32g0xx_hal_dma.o
 .text.DMA_CalcDMAMUXRequestGenBaseAndMask
                0x000000000800135c       0x48 ./Drivers/STM32G0xx_HAL_Driver/Src/stm32g0xx_hal_dma.o
 .text.HAL_GPIO_Init
                0x00000000080013a4      0x2c8 ./Drivers/STM32G0xx_HAL_Driver/Src/stm32g0xx_hal_gpio.o
                0x00000000080013a4                HAL_GPIO_Init
 .text.HAL_PWR_EnableBkUpAccess
                0x000000000800166c       0x1c ./Drivers/STM32G0xx_HAL_Driver/Src/stm32g0xx_hal_pwr.o
                0x000000000800166c                HAL_PWR_EnableBkUpAccess
 .text.HAL_PWREx_ControlVoltageScaling
                0x0000000008001688       0x80 ./Drivers/STM32G0xx_HAL_Driver/Src/stm32g0xx_hal_pwr_ex.o
                0x0000000008001688                HAL_PWREx_ControlVoltageScaling
 .text.LL_RCC_GetAPB1Prescaler
                0x0000000008001708       0x18 ./Drivers/STM32G0xx_HAL_Driver/Src/stm32g0xx_hal_rcc.o
 .text.HAL_RCC_OscConfig
                0x0000000008001720      0x634 ./Drivers/STM32G0xx_HAL_Driver/Src/stm32g0xx_hal_rcc.o
                0x0000000008001720                HAL_RCC_OscConfig
 .text.HAL_RCC_ClockConfig
                0x0000000008001d54      0x210 ./Drivers/STM32G0xx_HAL_Driver/Src/stm32g0xx_hal_rcc.o
                0x0000000008001d54                HAL_RCC_ClockConfig
 .text.HAL_RCC_GetSysClockFreq
                0x0000000008001f64      0x104 ./Drivers/STM32G0xx_HAL_Driver/Src/stm32g0xx_hal_rcc.o
                0x0000000008001f64                HAL_RCC_GetSysClockFreq
 .text.HAL_RCC_GetHCLKFreq
                0x0000000008002068       0x14 ./Drivers/STM32G0xx_HAL_Driver/Src/stm32g0xx_hal_rcc.o
                0x0000000008002068                HAL_RCC_GetHCLKFreq
 .text.HAL_RCC_GetPCLK1Freq
                0x000000000800207c       0x2c ./Drivers/STM32G0xx_HAL_Driver/Src/stm32g0xx_hal_rcc.o
                0x000000000800207c                HAL_RCC_GetPCLK1Freq
 .text.HAL_RCCEx_PeriphCLKConfig
                0x00000000080020a8      0x370 ./Drivers/STM32G0xx_HAL_Driver/Src/stm32g0xx_hal_rcc_ex.o
                0x00000000080020a8                HAL_RCCEx_PeriphCLKConfig
 .text.HAL_RTC_Init
                0x0000000008002418      0x144 ./Drivers/STM32G0xx_HAL_Driver/Src/stm32g0xx_hal_rtc.o
                0x0000000008002418                HAL_RTC_Init
 .text.HAL_RTC_WaitForSynchro
                0x000000000800255c       0x4e ./Drivers/STM32G0xx_HAL_Driver/Src/stm32g0xx_hal_rtc.o
                0x000000000800255c                HAL_RTC_WaitForSynchro
 .text.RTC_EnterInitMode
                0x00000000080025aa       0x84 ./Drivers/STM32G0xx_HAL_Driver/Src/stm32g0xx_hal_rtc.o
                0x00000000080025aa                RTC_EnterInitMode
 *fill*         0x000000000800262e        0x2 
 .text.RTC_ExitInitMode
                0x0000000008002630       0x88 ./Drivers/STM32G0xx_HAL_Driver/Src/stm32g0xx_hal_rtc.o
                0x0000000008002630                RTC_ExitInitMode
 .text.HAL_RTCEx_SetWakeUpTimer_IT
                0x00000000080026b8      0x134 ./Drivers/STM32G0xx_HAL_Driver/Src/stm32g0xx_hal_rtc_ex.o
                0x00000000080026b8                HAL_RTCEx_SetWakeUpTimer_IT
 .text.HAL_RTCEx_WakeUpTimerIRQHandler
                0x00000000080027ec       0x3c ./Drivers/STM32G0xx_HAL_Driver/Src/stm32g0xx_hal_rtc_ex.o
                0x00000000080027ec                HAL_RTCEx_WakeUpTimerIRQHandler
 .text.HAL_RTCEx_WakeUpTimerEventCallback
                0x0000000008002828       0x10 ./Drivers/STM32G0xx_HAL_Driver/Src/stm32g0xx_hal_rtc_ex.o
                0x0000000008002828                HAL_RTCEx_WakeUpTimerEventCallback
 .text.HAL_TIM_Base_Init
                0x0000000008002838       0xb0 ./Drivers/STM32G0xx_HAL_Driver/Src/stm32g0xx_hal_tim.o
                0x0000000008002838                HAL_TIM_Base_Init
 .text.HAL_TIM_IRQHandler
                0x00000000080028e8      0x264 ./Drivers/STM32G0xx_HAL_Driver/Src/stm32g0xx_hal_tim.o
                0x00000000080028e8                HAL_TIM_IRQHandler
 .text.HAL_TIM_PeriodElapsedCallback
                0x0000000008002b4c       0x10 ./Drivers/STM32G0xx_HAL_Driver/Src/stm32g0xx_hal_tim.o
                0x0000000008002b4c                HAL_TIM_PeriodElapsedCallback
 .text.HAL_TIM_OC_DelayElapsedCallback
                0x0000000008002b5c       0x10 ./Drivers/STM32G0xx_HAL_Driver/Src/stm32g0xx_hal_tim.o
                0x0000000008002b5c                HAL_TIM_OC_DelayElapsedCallback
 .text.HAL_TIM_IC_CaptureCallback
                0x0000000008002b6c       0x10 ./Drivers/STM32G0xx_HAL_Driver/Src/stm32g0xx_hal_tim.o
                0x0000000008002b6c                HAL_TIM_IC_CaptureCallback
 .text.HAL_TIM_PWM_PulseFinishedCallback
                0x0000000008002b7c       0x10 ./Drivers/STM32G0xx_HAL_Driver/Src/stm32g0xx_hal_tim.o
                0x0000000008002b7c                HAL_TIM_PWM_PulseFinishedCallback
 .text.HAL_TIM_TriggerCallback
                0x0000000008002b8c       0x10 ./Drivers/STM32G0xx_HAL_Driver/Src/stm32g0xx_hal_tim.o
                0x0000000008002b8c                HAL_TIM_TriggerCallback
 .text.TIM_Base_SetConfig
                0x0000000008002b9c      0x100 ./Drivers/STM32G0xx_HAL_Driver/Src/stm32g0xx_hal_tim.o
                0x0000000008002b9c                TIM_Base_SetConfig
 .text.HAL_TIMEx_CommutCallback
                0x0000000008002c9c       0x10 ./Drivers/STM32G0xx_HAL_Driver/Src/stm32g0xx_hal_tim_ex.o
                0x0000000008002c9c                HAL_TIMEx_CommutCallback
 .text.HAL_TIMEx_BreakCallback
                0x0000000008002cac       0x10 ./Drivers/STM32G0xx_HAL_Driver/Src/stm32g0xx_hal_tim_ex.o
                0x0000000008002cac                HAL_TIMEx_BreakCallback
 .text.HAL_TIMEx_Break2Callback
                0x0000000008002cbc       0x10 ./Drivers/STM32G0xx_HAL_Driver/Src/stm32g0xx_hal_tim_ex.o
                0x0000000008002cbc                HAL_TIMEx_Break2Callback
 .text.HAL_UART_Init
                0x0000000008002ccc       0xac ./Drivers/STM32G0xx_HAL_Driver/Src/stm32g0xx_hal_uart.o
                0x0000000008002ccc                HAL_UART_Init
 .text.HAL_UART_IRQHandler
                0x0000000008002d78      0x64c ./Drivers/STM32G0xx_HAL_Driver/Src/stm32g0xx_hal_uart.o
                0x0000000008002d78                HAL_UART_IRQHandler
 .text.HAL_UART_TxCpltCallback
                0x00000000080033c4       0x10 ./Drivers/STM32G0xx_HAL_Driver/Src/stm32g0xx_hal_uart.o
                0x00000000080033c4                HAL_UART_TxCpltCallback
 .text.HAL_UART_ErrorCallback
                0x00000000080033d4       0x10 ./Drivers/STM32G0xx_HAL_Driver/Src/stm32g0xx_hal_uart.o
                0x00000000080033d4                HAL_UART_ErrorCallback
 .text.HAL_UARTEx_RxEventCallback
                0x00000000080033e4       0x16 ./Drivers/STM32G0xx_HAL_Driver/Src/stm32g0xx_hal_uart.o
                0x00000000080033e4                HAL_UARTEx_RxEventCallback
 *fill*         0x00000000080033fa        0x2 
 .text.UART_SetConfig
                0x00000000080033fc      0x57c ./Drivers/STM32G0xx_HAL_Driver/Src/stm32g0xx_hal_uart.o
                0x00000000080033fc                UART_SetConfig
 .text.UART_AdvFeatureConfig
                0x0000000008003978      0x168 ./Drivers/STM32G0xx_HAL_Driver/Src/stm32g0xx_hal_uart.o
                0x0000000008003978                UART_AdvFeatureConfig
 .text.UART_CheckIdleState
                0x0000000008003ae0       0x9c ./Drivers/STM32G0xx_HAL_Driver/Src/stm32g0xx_hal_uart.o
                0x0000000008003ae0                UART_CheckIdleState
 .text.UART_WaitOnFlagUntilTimeout
                0x0000000008003b7c      0x190 ./Drivers/STM32G0xx_HAL_Driver/Src/stm32g0xx_hal_uart.o
                0x0000000008003b7c                UART_WaitOnFlagUntilTimeout
 .text.UART_EndRxTransfer
                0x0000000008003d0c       0xcc ./Drivers/STM32G0xx_HAL_Driver/Src/stm32g0xx_hal_uart.o
 .text.UART_DMAAbortOnError
                0x0000000008003dd8       0x2e ./Drivers/STM32G0xx_HAL_Driver/Src/stm32g0xx_hal_uart.o
 .text.UART_EndTransmit_IT
                0x0000000008003e06       0x58 ./Drivers/STM32G0xx_HAL_Driver/Src/stm32g0xx_hal_uart.o
 .text.HAL_UARTEx_WakeupCallback
                0x0000000008003e5e       0x10 ./Drivers/STM32G0xx_HAL_Driver/Src/stm32g0xx_hal_uart_ex.o
                0x0000000008003e5e                HAL_UARTEx_WakeupCallback
 .text.HAL_UARTEx_RxFifoFullCallback
                0x0000000008003e6e       0x10 ./Drivers/STM32G0xx_HAL_Driver/Src/stm32g0xx_hal_uart_ex.o
                0x0000000008003e6e                HAL_UARTEx_RxFifoFullCallback
 .text.HAL_UARTEx_TxFifoEmptyCallback
                0x0000000008003e7e       0x10 ./Drivers/STM32G0xx_HAL_Driver/Src/stm32g0xx_hal_uart_ex.o
                0x0000000008003e7e                HAL_UARTEx_TxFifoEmptyCallback
 *fill*         0x0000000008003e8e        0x2 
 .text.HAL_UARTEx_DisableFifoMode
                0x0000000008003e90       0x74 ./Drivers/STM32G0xx_HAL_Driver/Src/stm32g0xx_hal_uart_ex.o
                0x0000000008003e90                HAL_UARTEx_DisableFifoMode
 .text.HAL_UARTEx_SetTxFifoThreshold
                0x0000000008003f04       0x7e ./Drivers/STM32G0xx_HAL_Driver/Src/stm32g0xx_hal_uart_ex.o
                0x0000000008003f04                HAL_UARTEx_SetTxFifoThreshold
 *fill*         0x0000000008003f82        0x2 
 .text.HAL_UARTEx_SetRxFifoThreshold
                0x0000000008003f84       0x84 ./Drivers/STM32G0xx_HAL_Driver/Src/stm32g0xx_hal_uart_ex.o
                0x0000000008003f84                HAL_UARTEx_SetRxFifoThreshold
 .text.UARTEx_SetNbDataToProcess
                0x0000000008004008       0xbc ./Drivers/STM32G0xx_HAL_Driver/Src/stm32g0xx_hal_uart_ex.o
 .text.__libc_init_array
                0x00000000080040c4       0x48 c:/st/stm32cubeide_1.7.0/stm32cubeide/plugins/com.st.stm32cube.ide.mcu.externaltools.gnu-tools-for-stm32.10.3-2021.10.win32_1.0.0.202111181127/tools/bin/../lib/gcc/arm-none-eabi/10.3.1/../../../../arm-none-eabi/lib/thumb/v6-m/nofp\libc_nano.a(lib_a-init.o)
                0x00000000080040c4                __libc_init_array
 .text.memset   0x000000000800410c       0x10 c:/st/stm32cubeide_1.7.0/stm32cubeide/plugins/com.st.stm32cube.ide.mcu.externaltools.gnu-tools-for-stm32.10.3-2021.10.win32_1.0.0.202111181127/tools/bin/../lib/gcc/arm-none-eabi/10.3.1/../../../../arm-none-eabi/lib/thumb/v6-m/nofp\libc_nano.a(lib_a-memset.o)
                0x000000000800410c                memset
 *(.glue_7)
 .glue_7        0x000000000800411c        0x0 linker stubs
 *(.glue_7t)
 .glue_7t       0x000000000800411c        0x0 linker stubs
 *(.eh_frame)
 .eh_frame      0x000000000800411c        0x0 c:/st/stm32cubeide_1.7.0/stm32cubeide/plugins/com.st.stm32cube.ide.mcu.externaltools.gnu-tools-for-stm32.10.3-2021.10.win32_1.0.0.202111181127/tools/bin/../lib/gcc/arm-none-eabi/10.3.1/thumb/v6-m/nofp/crtbegin.o
 *(.init)
 .init          0x000000000800411c        0x4 c:/st/stm32cubeide_1.7.0/stm32cubeide/plugins/com.st.stm32cube.ide.mcu.externaltools.gnu-tools-for-stm32.10.3-2021.10.win32_1.0.0.202111181127/tools/bin/../lib/gcc/arm-none-eabi/10.3.1/thumb/v6-m/nofp/crti.o
                0x000000000800411c                _init
 .init          0x0000000008004120        0x8 c:/st/stm32cubeide_1.7.0/stm32cubeide/plugins/com.st.stm32cube.ide.mcu.externaltools.gnu-tools-for-stm32.10.3-2021.10.win32_1.0.0.202111181127/tools/bin/../lib/gcc/arm-none-eabi/10.3.1/thumb/v6-m/nofp/crtn.o
 *(.fini)
 .fini          0x0000000008004128        0x4 c:/st/stm32cubeide_1.7.0/stm32cubeide/plugins/com.st.stm32cube.ide.mcu.externaltools.gnu-tools-for-stm32.10.3-2021.10.win32_1.0.0.202111181127/tools/bin/../lib/gcc/arm-none-eabi/10.3.1/thumb/v6-m/nofp/crti.o
                0x0000000008004128                _fini
 .fini          0x000000000800412c        0x8 c:/st/stm32cubeide_1.7.0/stm32cubeide/plugins/com.st.stm32cube.ide.mcu.externaltools.gnu-tools-for-stm32.10.3-2021.10.win32_1.0.0.202111181127/tools/bin/../lib/gcc/arm-none-eabi/10.3.1/thumb/v6-m/nofp/crtn.o
                0x0000000008004134                . = ALIGN (0x4)
                0x0000000008004134                _etext = .

.vfp11_veneer   0x0000000008004134        0x0
 .vfp11_veneer  0x0000000008004134        0x0 linker stubs

.v4_bx          0x0000000008004134        0x0
 .v4_bx         0x0000000008004134        0x0 linker stubs

.iplt           0x0000000008004134        0x0
 .iplt          0x0000000008004134        0x0 c:/st/stm32cubeide_1.7.0/stm32cubeide/plugins/com.st.stm32cube.ide.mcu.externaltools.gnu-tools-for-stm32.10.3-2021.10.win32_1.0.0.202111181127/tools/bin/../lib/gcc/arm-none-eabi/10.3.1/thumb/v6-m/nofp/crtbegin.o

.rodata         0x0000000008004134       0x88
                0x0000000008004134                . = ALIGN (0x4)
 *(.rodata)
 *(.rodata*)
 .rodata.AHBPrescTable
                0x0000000008004134       0x40 ./Core/Src/system_stm32g0xx.o
                0x0000000008004134                AHBPrescTable
 .rodata.APBPrescTable
                0x0000000008004174       0x20 ./Core/Src/system_stm32g0xx.o
                0x0000000008004174                APBPrescTable
 .rodata.UARTPrescTable
                0x0000000008004194       0x18 ./Drivers/STM32G0xx_HAL_Driver/Src/stm32g0xx_hal_uart.o
                0x0000000008004194                UARTPrescTable
 .rodata.numerator.1
                0x00000000080041ac        0x8 ./Drivers/STM32G0xx_HAL_Driver/Src/stm32g0xx_hal_uart_ex.o
 .rodata.denominator.0
                0x00000000080041b4        0x8 ./Drivers/STM32G0xx_HAL_Driver/Src/stm32g0xx_hal_uart_ex.o
                0x00000000080041bc                . = ALIGN (0x4)

.ARM.extab      0x00000000080041bc        0x0
                0x00000000080041bc                . = ALIGN (0x4)
 *(.ARM.extab* .gnu.linkonce.armextab.*)
                0x00000000080041bc                . = ALIGN (0x4)

.ARM            0x00000000080041bc        0x8
                0x00000000080041bc                . = ALIGN (0x4)
                0x00000000080041bc                __exidx_start = .
 *(.ARM.exidx*)
 .ARM.exidx     0x00000000080041bc        0x8 c:/st/stm32cubeide_1.7.0/stm32cubeide/plugins/com.st.stm32cube.ide.mcu.externaltools.gnu-tools-for-stm32.10.3-2021.10.win32_1.0.0.202111181127/tools/bin/../lib/gcc/arm-none-eabi/10.3.1/thumb/v6-m/nofp\libgcc.a(_udivmoddi4.o)
                0x00000000080041c4                __exidx_end = .
                0x00000000080041c4                . = ALIGN (0x4)

.rel.dyn        0x00000000080041c4        0x0
 .rel.iplt      0x00000000080041c4        0x0 c:/st/stm32cubeide_1.7.0/stm32cubeide/plugins/com.st.stm32cube.ide.mcu.externaltools.gnu-tools-for-stm32.10.3-2021.10.win32_1.0.0.202111181127/tools/bin/../lib/gcc/arm-none-eabi/10.3.1/thumb/v6-m/nofp/crtbegin.o

.preinit_array  0x00000000080041c4        0x0
                0x00000000080041c4                . = ALIGN (0x4)
                0x00000000080041c4                PROVIDE (__preinit_array_start = .)
 *(.preinit_array*)
                0x00000000080041c4                PROVIDE (__preinit_array_end = .)
                0x00000000080041c4                . = ALIGN (0x4)

.init_array     0x00000000080041c4        0x4
                0x00000000080041c4                . = ALIGN (0x4)
                0x00000000080041c4                PROVIDE (__init_array_start = .)
 *(SORT_BY_NAME(.init_array.*))
 *(.init_array*)
 .init_array    0x00000000080041c4        0x4 c:/st/stm32cubeide_1.7.0/stm32cubeide/plugins/com.st.stm32cube.ide.mcu.externaltools.gnu-tools-for-stm32.10.3-2021.10.win32_1.0.0.202111181127/tools/bin/../lib/gcc/arm-none-eabi/10.3.1/thumb/v6-m/nofp/crtbegin.o
                0x00000000080041c8                PROVIDE (__init_array_end = .)
                0x00000000080041c8                . = ALIGN (0x4)

.fini_array     0x00000000080041c8        0x4
                0x00000000080041c8                . = ALIGN (0x4)
                [!provide]                        PROVIDE (__fini_array_start = .)
 *(SORT_BY_NAME(.fini_array.*))
 *(.fini_array*)
 .fini_array    0x00000000080041c8        0x4 c:/st/stm32cubeide_1.7.0/stm32cubeide/plugins/com.st.stm32cube.ide.mcu.externaltools.gnu-tools-for-stm32.10.3-2021.10.win32_1.0.0.202111181127/tools/bin/../lib/gcc/arm-none-eabi/10.3.1/thumb/v6-m/nofp/crtbegin.o
                [!provide]                        PROVIDE (__fini_array_end = .)
                0x00000000080041cc                . = ALIGN (0x4)
                0x00000000080041cc                _sidata = LOADADDR (.data)

.data           0x0000000020000000        0xc load address 0x00000000080041cc
                0x0000000020000000                . = ALIGN (0x4)
                0x0000000020000000                _sdata = .
 *(.data)
 *(.data*)
 .data.SystemCoreClock
                0x0000000020000000        0x4 ./Core/Src/system_stm32g0xx.o
                0x0000000020000000                SystemCoreClock
 .data.uwTickPrio
                0x0000000020000004        0x4 ./Drivers/STM32G0xx_HAL_Driver/Src/stm32g0xx_hal.o
                0x0000000020000004                uwTickPrio
 .data.uwTickFreq
                0x0000000020000008        0x1 ./Drivers/STM32G0xx_HAL_Driver/Src/stm32g0xx_hal.o
                0x0000000020000008                uwTickFreq
 *(.RamFunc)
 *(.RamFunc*)
                0x000000002000000c                . = ALIGN (0x4)
 *fill*         0x0000000020000009        0x3 
                0x000000002000000c                _edata = .

.igot.plt       0x000000002000000c        0x0 load address 0x00000000080041d8
 .igot.plt      0x000000002000000c        0x0 c:/st/stm32cubeide_1.7.0/stm32cubeide/plugins/com.st.stm32cube.ide.mcu.externaltools.gnu-tools-for-stm32.10.3-2021.10.win32_1.0.0.202111181127/tools/bin/../lib/gcc/arm-none-eabi/10.3.1/thumb/v6-m/nofp/crtbegin.o
                0x000000002000000c                . = ALIGN (0x4)

.bss            0x000000002000000c      0x188 load address 0x00000000080041d8
                0x000000002000000c                _sbss = .
                0x000000002000000c                __bss_start__ = _sbss
 *(.bss)
 .bss           0x000000002000000c       0x1c c:/st/stm32cubeide_1.7.0/stm32cubeide/plugins/com.st.stm32cube.ide.mcu.externaltools.gnu-tools-for-stm32.10.3-2021.10.win32_1.0.0.202111181127/tools/bin/../lib/gcc/arm-none-eabi/10.3.1/thumb/v6-m/nofp/crtbegin.o
 *(.bss*)
 .bss.hrtc      0x0000000020000028       0x2c ./Core/Src/main.o
                0x0000000020000028                hrtc
 .bss.htim14    0x0000000020000054       0x4c ./Core/Src/main.o
                0x0000000020000054                htim14
 .bss.huart2    0x00000000200000a0       0x94 ./Core/Src/main.o
                0x00000000200000a0                huart2
 .bss.hdma_usart2_rx
                0x0000000020000134       0x5c ./Core/Src/main.o
                0x0000000020000134                hdma_usart2_rx
 .bss.uwTick    0x0000000020000190        0x4 ./Drivers/STM32G0xx_HAL_Driver/Src/stm32g0xx_hal.o
                0x0000000020000190                uwTick
 *(COMMON)
                0x0000000020000194                . = ALIGN (0x4)
                0x0000000020000194                _ebss = .
                0x0000000020000194                __bss_end__ = _ebss

._user_heap_stack
                0x0000000020000194      0x604 load address 0x00000000080041d8
                0x0000000020000198                . = ALIGN (0x8)
 *fill*         0x0000000020000194        0x4 
                [!provide]                        PROVIDE (end = .)
                0x0000000020000198                PROVIDE (_end = .)
                0x0000000020000398                . = (. + _Min_Heap_Size)
 *fill*         0x0000000020000198      0x200 
                0x0000000020000798                . = (. + _Min_Stack_Size)
 *fill*         0x0000000020000398      0x400 
                0x0000000020000798                . = ALIGN (0x8)

/DISCARD/
 libc.a(*)
 libm.a(*)
 libgcc.a(*)

.ARM.attributes
                0x0000000000000000       0x28
 *(.ARM.attributes)
 .ARM.attributes
                0x0000000000000000       0x1e c:/st/stm32cubeide_1.7.0/stm32cubeide/plugins/com.st.stm32cube.ide.mcu.externaltools.gnu-tools-for-stm32.10.3-2021.10.win32_1.0.0.202111181127/tools/bin/../lib/gcc/arm-none-eabi/10.3.1/thumb/v6-m/nofp/crti.o
 .ARM.attributes
                0x000000000000001e       0x2c c:/st/stm32cubeide_1.7.0/stm32cubeide/plugins/com.st.stm32cube.ide.mcu.externaltools.gnu-tools-for-stm32.10.3-2021.10.win32_1.0.0.202111181127/tools/bin/../lib/gcc/arm-none-eabi/10.3.1/thumb/v6-m/nofp/crtbegin.o
 .ARM.attributes
                0x000000000000004a       0x2c ./Core/Src/main.o
 .ARM.attributes
                0x0000000000000076       0x2c ./Core/Src/stm32g0xx_hal_msp.o
 .ARM.attributes
                0x00000000000000a2       0x2c ./Core/Src/stm32g0xx_it.o
 .ARM.attributes
                0x00000000000000ce       0x2c ./Core/Src/system_stm32g0xx.o
 .ARM.attributes
                0x00000000000000fa       0x22 ./Core/Startup/startup_stm32g071rbtx.o
 .ARM.attributes
                0x000000000000011c       0x2c ./Drivers/STM32G0xx_HAL_Driver/Src/stm32g0xx_hal.o
 .ARM.attributes
                0x0000000000000148       0x2c ./Drivers/STM32G0xx_HAL_Driver/Src/stm32g0xx_hal_cortex.o
 .ARM.attributes
                0x0000000000000174       0x2c ./Drivers/STM32G0xx_HAL_Driver/Src/stm32g0xx_hal_dma.o
 .ARM.attributes
                0x00000000000001a0       0x2c ./Drivers/STM32G0xx_HAL_Driver/Src/stm32g0xx_hal_gpio.o
 .ARM.attributes
                0x00000000000001cc       0x2c ./Drivers/STM32G0xx_HAL_Driver/Src/stm32g0xx_hal_pwr.o
 .ARM.attributes
                0x00000000000001f8       0x2c ./Drivers/STM32G0xx_HAL_Driver/Src/stm32g0xx_hal_pwr_ex.o
 .ARM.attributes
                0x0000000000000224       0x2c ./Drivers/STM32G0xx_HAL_Driver/Src/stm32g0xx_hal_rcc.o
 .ARM.attributes
                0x0000000000000250       0x2c ./Drivers/STM32G0xx_HAL_Driver/Src/stm32g0xx_hal_rcc_ex.o
 .ARM.attributes
                0x000000000000027c       0x2c ./Drivers/STM32G0xx_HAL_Driver/Src/stm32g0xx_hal_rtc.o
 .ARM.attributes
                0x00000000000002a8       0x2c ./Drivers/STM32G0xx_HAL_Driver/Src/stm32g0xx_hal_rtc_ex.o
 .ARM.attributes
                0x00000000000002d4       0x2c ./Drivers/STM32G0xx_HAL_Driver/Src/stm32g0xx_hal_tim.o
 .ARM.attributes
                0x0000000000000300       0x2c ./Drivers/STM32G0xx_HAL_Driver/Src/stm32g0xx_hal_tim_ex.o
 .ARM.attributes
                0x000000000000032c       0x2c ./Drivers/STM32G0xx_HAL_Driver/Src/stm32g0xx_hal_uart.o
 .ARM.attributes
                0x0000000000000358       0x2c ./Drivers/STM32G0xx_HAL_Driver/Src/stm32g0xx_hal_uart_ex.o
 .ARM.attributes
                0x0000000000000384       0x2c c:/st/stm32cubeide_1.7.0/stm32cubeide/plugins/com.st.stm32cube.ide.mcu.externaltools.gnu-tools-for-stm32.10.3-2021.10.win32_1.0.0.202111181127/tools/bin/../lib/gcc/arm-none-eabi/10.3.1/../../../../arm-none-eabi/lib/thumb/v6-m/nofp\libc_nano.a(lib_a-init.o)
 .ARM.attributes
                0x00000000000003b0       0x2c c:/st/stm32cubeide_1.7.0/stm32cubeide/plugins/com.st.stm32cube.ide.mcu.externaltools.gnu-tools-for-stm32.10.3-2021.10.win32_1.0.0.202111181127/tools/bin/../lib/gcc/arm-none-eabi/10.3.1/../../../../arm-none-eabi/lib/thumb/v6-m/nofp\libc_nano.a(lib_a-memset.o)
 .ARM.attributes
                0x00000000000003dc       0x1e c:/st/stm32cubeide_1.7.0/stm32cubeide/plugins/com.st.stm32cube.ide.mcu.externaltools.gnu-tools-for-stm32.10.3-2021.10.win32_1.0.0.202111181127/tools/bin/../lib/gcc/arm-none-eabi/10.3.1/thumb/v6-m/nofp\libgcc.a(_udivsi3.o)
 .ARM.attributes
                0x00000000000003fa       0x1e c:/st/stm32cubeide_1.7.0/stm32cubeide/plugins/com.st.stm32cube.ide.mcu.externaltools.gnu-tools-for-stm32.10.3-2021.10.win32_1.0.0.202111181127/tools/bin/../lib/gcc/arm-none-eabi/10.3.1/thumb/v6-m/nofp\libgcc.a(_divsi3.o)
 .ARM.attributes
                0x0000000000000418       0x1e c:/st/stm32cubeide_1.7.0/stm32cubeide/plugins/com.st.stm32cube.ide.mcu.externaltools.gnu-tools-for-stm32.10.3-2021.10.win32_1.0.0.202111181127/tools/bin/../lib/gcc/arm-none-eabi/10.3.1/thumb/v6-m/nofp\libgcc.a(_dvmd_tls.o)
 .ARM.attributes
                0x0000000000000436       0x1e c:/st/stm32cubeide_1.7.0/stm32cubeide/plugins/com.st.stm32cube.ide.mcu.externaltools.gnu-tools-for-stm32.10.3-2021.10.win32_1.0.0.202111181127/tools/bin/../lib/gcc/arm-none-eabi/10.3.1/thumb/v6-m/nofp\libgcc.a(_aeabi_uldivmod.o)
 .ARM.attributes
                0x0000000000000454       0x2c c:/st/stm32cubeide_1.7.0/stm32cubeide/plugins/com.st.stm32cube.ide.mcu.externaltools.gnu-tools-for-stm32.10.3-2021.10.win32_1.0.0.202111181127/tools/bin/../lib/gcc/arm-none-eabi/10.3.1/thumb/v6-m/nofp\libgcc.a(_udivmoddi4.o)
 .ARM.attributes
                0x0000000000000480       0x1e c:/st/stm32cubeide_1.7.0/stm32cubeide/plugins/com.st.stm32cube.ide.mcu.externaltools.gnu-tools-for-stm32.10.3-2021.10.win32_1.0.0.202111181127/tools/bin/../lib/gcc/arm-none-eabi/10.3.1/thumb/v6-m/nofp\libgcc.a(_clzdi2.o)
 .ARM.attributes
                0x000000000000049e       0x1e c:/st/stm32cubeide_1.7.0/stm32cubeide/plugins/com.st.stm32cube.ide.mcu.externaltools.gnu-tools-for-stm32.10.3-2021.10.win32_1.0.0.202111181127/tools/bin/../lib/gcc/arm-none-eabi/10.3.1/thumb/v6-m/nofp\libgcc.a(_clzsi2.o)
 .ARM.attributes
                0x00000000000004bc       0x1e c:/st/stm32cubeide_1.7.0/stm32cubeide/plugins/com.st.stm32cube.ide.mcu.externaltools.gnu-tools-for-stm32.10.3-2021.10.win32_1.0.0.202111181127/tools/bin/../lib/gcc/arm-none-eabi/10.3.1/thumb/v6-m/nofp/crtn.o
OUTPUT(Tuto_Uart-w-TIM-RTC_001_G071RB.elf elf32-littlearm)
LOAD linker stubs
LOAD c:/st/stm32cubeide_1.7.0/stm32cubeide/plugins/com.st.stm32cube.ide.mcu.externaltools.gnu-tools-for-stm32.10.3-2021.10.win32_1.0.0.202111181127/tools/bin/../lib/gcc/arm-none-eabi/10.3.1/../../../../arm-none-eabi/lib/thumb/v6-m/nofp\libc.a
LOAD c:/st/stm32cubeide_1.7.0/stm32cubeide/plugins/com.st.stm32cube.ide.mcu.externaltools.gnu-tools-for-stm32.10.3-2021.10.win32_1.0.0.202111181127/tools/bin/../lib/gcc/arm-none-eabi/10.3.1/../../../../arm-none-eabi/lib/thumb/v6-m/nofp\libm.a
LOAD c:/st/stm32cubeide_1.7.0/stm32cubeide/plugins/com.st.stm32cube.ide.mcu.externaltools.gnu-tools-for-stm32.10.3-2021.10.win32_1.0.0.202111181127/tools/bin/../lib/gcc/arm-none-eabi/10.3.1/thumb/v6-m/nofp\libgcc.a

.debug_info     0x0000000000000000    0x143c9
 .debug_info    0x0000000000000000     0x14c0 ./Core/Src/main.o
 .debug_info    0x00000000000014c0     0x14f4 ./Core/Src/stm32g0xx_hal_msp.o
 .debug_info    0x00000000000029b4      0xf0b ./Core/Src/stm32g0xx_it.o
 .debug_info    0x00000000000038bf      0x34d ./Core/Src/system_stm32g0xx.o
 .debug_info    0x0000000000003c0c       0x22 ./Core/Startup/startup_stm32g071rbtx.o
 .debug_info    0x0000000000003c2e      0xa85 ./Drivers/STM32G0xx_HAL_Driver/Src/stm32g0xx_hal.o
 .debug_info    0x00000000000046b3      0x90d ./Drivers/STM32G0xx_HAL_Driver/Src/stm32g0xx_hal_cortex.o
 .debug_info    0x0000000000004fc0      0x8d6 ./Drivers/STM32G0xx_HAL_Driver/Src/stm32g0xx_hal_dma.o
 .debug_info    0x0000000000005896      0x61f ./Drivers/STM32G0xx_HAL_Driver/Src/stm32g0xx_hal_gpio.o
 .debug_info    0x0000000000005eb5      0x5cb ./Drivers/STM32G0xx_HAL_Driver/Src/stm32g0xx_hal_pwr.o
 .debug_info    0x0000000000006480      0x801 ./Drivers/STM32G0xx_HAL_Driver/Src/stm32g0xx_hal_pwr_ex.o
 .debug_info    0x0000000000006c81      0xb6a ./Drivers/STM32G0xx_HAL_Driver/Src/stm32g0xx_hal_rcc.o
 .debug_info    0x00000000000077eb      0x82b ./Drivers/STM32G0xx_HAL_Driver/Src/stm32g0xx_hal_rcc_ex.o
 .debug_info    0x0000000000008016      0xd88 ./Drivers/STM32G0xx_HAL_Driver/Src/stm32g0xx_hal_rtc.o
 .debug_info    0x0000000000008d9e     0x13b2 ./Drivers/STM32G0xx_HAL_Driver/Src/stm32g0xx_hal_rtc_ex.o
 .debug_info    0x000000000000a150     0x2e23 ./Drivers/STM32G0xx_HAL_Driver/Src/stm32g0xx_hal_tim.o
 .debug_info    0x000000000000cf73     0x1a27 ./Drivers/STM32G0xx_HAL_Driver/Src/stm32g0xx_hal_tim_ex.o
 .debug_info    0x000000000000e99a     0x49ef ./Drivers/STM32G0xx_HAL_Driver/Src/stm32g0xx_hal_uart.o
 .debug_info    0x0000000000013389     0x1040 ./Drivers/STM32G0xx_HAL_Driver/Src/stm32g0xx_hal_uart_ex.o

.debug_abbrev   0x0000000000000000     0x285b
 .debug_abbrev  0x0000000000000000      0x2ac ./Core/Src/main.o
 .debug_abbrev  0x00000000000002ac      0x236 ./Core/Src/stm32g0xx_hal_msp.o
 .debug_abbrev  0x00000000000004e2      0x1ad ./Core/Src/stm32g0xx_it.o
 .debug_abbrev  0x000000000000068f      0x116 ./Core/Src/system_stm32g0xx.o
 .debug_abbrev  0x00000000000007a5       0x12 ./Core/Startup/startup_stm32g071rbtx.o
 .debug_abbrev  0x00000000000007b7      0x2a9 ./Drivers/STM32G0xx_HAL_Driver/Src/stm32g0xx_hal.o
 .debug_abbrev  0x0000000000000a60      0x29f ./Drivers/STM32G0xx_HAL_Driver/Src/stm32g0xx_hal_cortex.o
 .debug_abbrev  0x0000000000000cff      0x21b ./Drivers/STM32G0xx_HAL_Driver/Src/stm32g0xx_hal_dma.o
 .debug_abbrev  0x0000000000000f1a      0x1b9 ./Drivers/STM32G0xx_HAL_Driver/Src/stm32g0xx_hal_gpio.o
 .debug_abbrev  0x00000000000010d3      0x16e ./Drivers/STM32G0xx_HAL_Driver/Src/stm32g0xx_hal_pwr.o
 .debug_abbrev  0x0000000000001241      0x232 ./Drivers/STM32G0xx_HAL_Driver/Src/stm32g0xx_hal_pwr_ex.o
 .debug_abbrev  0x0000000000001473      0x2a3 ./Drivers/STM32G0xx_HAL_Driver/Src/stm32g0xx_hal_rcc.o
 .debug_abbrev  0x0000000000001716      0x21a ./Drivers/STM32G0xx_HAL_Driver/Src/stm32g0xx_hal_rcc_ex.o
 .debug_abbrev  0x0000000000001930      0x1f7 ./Drivers/STM32G0xx_HAL_Driver/Src/stm32g0xx_hal_rtc.o
 .debug_abbrev  0x0000000000001b27      0x237 ./Drivers/STM32G0xx_HAL_Driver/Src/stm32g0xx_hal_rtc_ex.o
 .debug_abbrev  0x0000000000001d5e      0x286 ./Drivers/STM32G0xx_HAL_Driver/Src/stm32g0xx_hal_tim.o
 .debug_abbrev  0x0000000000001fe4      0x292 ./Drivers/STM32G0xx_HAL_Driver/Src/stm32g0xx_hal_tim_ex.o
 .debug_abbrev  0x0000000000002276      0x310 ./Drivers/STM32G0xx_HAL_Driver/Src/stm32g0xx_hal_uart.o
 .debug_abbrev  0x0000000000002586      0x2d5 ./Drivers/STM32G0xx_HAL_Driver/Src/stm32g0xx_hal_uart_ex.o

.debug_aranges  0x0000000000000000     0x1148
 .debug_aranges
                0x0000000000000000       0x58 ./Core/Src/main.o
 .debug_aranges
                0x0000000000000058       0x50 ./Core/Src/stm32g0xx_hal_msp.o
 .debug_aranges
                0x00000000000000a8       0x60 ./Core/Src/stm32g0xx_it.o
 .debug_aranges
                0x0000000000000108       0x28 ./Core/Src/system_stm32g0xx.o
 .debug_aranges
                0x0000000000000130       0x28 ./Core/Startup/startup_stm32g071rbtx.o
 .debug_aranges
                0x0000000000000158      0x120 ./Drivers/STM32G0xx_HAL_Driver/Src/stm32g0xx_hal.o
 .debug_aranges
                0x0000000000000278       0xd8 ./Drivers/STM32G0xx_HAL_Driver/Src/stm32g0xx_hal_cortex.o
 .debug_aranges
                0x0000000000000350       0x90 ./Drivers/STM32G0xx_HAL_Driver/Src/stm32g0xx_hal_dma.o
 .debug_aranges
                0x00000000000003e0       0x60 ./Drivers/STM32G0xx_HAL_Driver/Src/stm32g0xx_hal_gpio.o
 .debug_aranges
                0x0000000000000440       0x78 ./Drivers/STM32G0xx_HAL_Driver/Src/stm32g0xx_hal_pwr.o
 .debug_aranges
                0x00000000000004b8       0xf0 ./Drivers/STM32G0xx_HAL_Driver/Src/stm32g0xx_hal_pwr_ex.o
 .debug_aranges
                0x00000000000005a8       0xa0 ./Drivers/STM32G0xx_HAL_Driver/Src/stm32g0xx_hal_rcc.o
 .debug_aranges
                0x0000000000000648       0x40 ./Drivers/STM32G0xx_HAL_Driver/Src/stm32g0xx_hal_rcc_ex.o
 .debug_aranges
                0x0000000000000688       0xe8 ./Drivers/STM32G0xx_HAL_Driver/Src/stm32g0xx_hal_rtc.o
 .debug_aranges
                0x0000000000000770      0x170 ./Drivers/STM32G0xx_HAL_Driver/Src/stm32g0xx_hal_rtc_ex.o
 .debug_aranges
                0x00000000000008e0      0x3e0 ./Drivers/STM32G0xx_HAL_Driver/Src/stm32g0xx_hal_tim.o
 .debug_aranges
                0x0000000000000cc0      0x198 ./Drivers/STM32G0xx_HAL_Driver/Src/stm32g0xx_hal_tim_ex.o
 .debug_aranges
                0x0000000000000e58      0x248 ./Drivers/STM32G0xx_HAL_Driver/Src/stm32g0xx_hal_uart.o
 .debug_aranges
                0x00000000000010a0       0xa8 ./Drivers/STM32G0xx_HAL_Driver/Src/stm32g0xx_hal_uart_ex.o

.debug_ranges   0x0000000000000000     0x1050
 .debug_ranges  0x0000000000000000       0x48 ./Core/Src/main.o
 .debug_ranges  0x0000000000000048       0x40 ./Core/Src/stm32g0xx_hal_msp.o
 .debug_ranges  0x0000000000000088       0x50 ./Core/Src/stm32g0xx_it.o
 .debug_ranges  0x00000000000000d8       0x18 ./Core/Src/system_stm32g0xx.o
 .debug_ranges  0x00000000000000f0       0x20 ./Core/Startup/startup_stm32g071rbtx.o
 .debug_ranges  0x0000000000000110      0x110 ./Drivers/STM32G0xx_HAL_Driver/Src/stm32g0xx_hal.o
 .debug_ranges  0x0000000000000220       0xc8 ./Drivers/STM32G0xx_HAL_Driver/Src/stm32g0xx_hal_cortex.o
 .debug_ranges  0x00000000000002e8       0x80 ./Drivers/STM32G0xx_HAL_Driver/Src/stm32g0xx_hal_dma.o
 .debug_ranges  0x0000000000000368       0x50 ./Drivers/STM32G0xx_HAL_Driver/Src/stm32g0xx_hal_gpio.o
 .debug_ranges  0x00000000000003b8       0x68 ./Drivers/STM32G0xx_HAL_Driver/Src/stm32g0xx_hal_pwr.o
 .debug_ranges  0x0000000000000420       0xe0 ./Drivers/STM32G0xx_HAL_Driver/Src/stm32g0xx_hal_pwr_ex.o
 .debug_ranges  0x0000000000000500       0x90 ./Drivers/STM32G0xx_HAL_Driver/Src/stm32g0xx_hal_rcc.o
 .debug_ranges  0x0000000000000590       0x30 ./Drivers/STM32G0xx_HAL_Driver/Src/stm32g0xx_hal_rcc_ex.o
 .debug_ranges  0x00000000000005c0       0xd8 ./Drivers/STM32G0xx_HAL_Driver/Src/stm32g0xx_hal_rtc.o
 .debug_ranges  0x0000000000000698      0x160 ./Drivers/STM32G0xx_HAL_Driver/Src/stm32g0xx_hal_rtc_ex.o
 .debug_ranges  0x00000000000007f8      0x3d0 ./Drivers/STM32G0xx_HAL_Driver/Src/stm32g0xx_hal_tim.o
 .debug_ranges  0x0000000000000bc8      0x188 ./Drivers/STM32G0xx_HAL_Driver/Src/stm32g0xx_hal_tim_ex.o
 .debug_ranges  0x0000000000000d50      0x268 ./Drivers/STM32G0xx_HAL_Driver/Src/stm32g0xx_hal_uart.o
 .debug_ranges  0x0000000000000fb8       0x98 ./Drivers/STM32G0xx_HAL_Driver/Src/stm32g0xx_hal_uart_ex.o

.debug_macro    0x0000000000000000    0x19c98
 .debug_macro   0x0000000000000000      0x3e2 ./Core/Src/main.o
 .debug_macro   0x00000000000003e2      0xa4e ./Core/Src/main.o
 .debug_macro   0x0000000000000e30      0x123 ./Core/Src/main.o
 .debug_macro   0x0000000000000f53       0x2e ./Core/Src/main.o
 .debug_macro   0x0000000000000f81       0x28 ./Core/Src/main.o
 .debug_macro   0x0000000000000fa9       0x22 ./Core/Src/main.o
 .debug_macro   0x0000000000000fcb       0x8e ./Core/Src/main.o
 .debug_macro   0x0000000000001059       0x51 ./Core/Src/main.o
 .debug_macro   0x00000000000010aa      0x103 ./Core/Src/main.o
 .debug_macro   0x00000000000011ad       0x6a ./Core/Src/main.o
 .debug_macro   0x0000000000001217      0x1df ./Core/Src/main.o
 .debug_macro   0x00000000000013f6       0x1c ./Core/Src/main.o
 .debug_macro   0x0000000000001412       0x22 ./Core/Src/main.o
 .debug_macro   0x0000000000001434       0xd1 ./Core/Src/main.o
 .debug_macro   0x0000000000001505      0x4da ./Core/Src/main.o
 .debug_macro   0x00000000000019df      0x11f ./Core/Src/main.o
 .debug_macro   0x0000000000001afe     0xc730 ./Core/Src/main.o
 .debug_macro   0x000000000000e22e       0x66 ./Core/Src/main.o
 .debug_macro   0x000000000000e294     0x34fd ./Core/Src/main.o
 .debug_macro   0x0000000000011791      0x174 ./Core/Src/main.o
 .debug_macro   0x0000000000011905       0x5c ./Core/Src/main.o
 .debug_macro   0x0000000000011961      0x56c ./Core/Src/main.o
 .debug_macro   0x0000000000011ecd     0x10d5 ./Core/Src/main.o
 .debug_macro   0x0000000000012fa2      0x264 ./Core/Src/main.o
 .debug_macro   0x0000000000013206      0x1cf ./Core/Src/main.o
 .debug_macro   0x00000000000133d5      0x1d8 ./Core/Src/main.o
 .debug_macro   0x00000000000135ad      0x426 ./Core/Src/main.o
 .debug_macro   0x00000000000139d3      0x280 ./Core/Src/main.o
 .debug_macro   0x0000000000013c53      0x3a7 ./Core/Src/main.o
 .debug_macro   0x0000000000013ffa      0x1b2 ./Core/Src/main.o
 .debug_macro   0x00000000000141ac       0x43 ./Core/Src/main.o
 .debug_macro   0x00000000000141ef      0x1f1 ./Core/Src/main.o
 .debug_macro   0x00000000000143e0      0x1d6 ./Core/Src/main.o
 .debug_macro   0x00000000000145b6      0x38a ./Core/Src/main.o
 .debug_macro   0x0000000000014940       0x28 ./Core/Src/main.o
 .debug_macro   0x0000000000014968       0xe4 ./Core/Src/main.o
 .debug_macro   0x0000000000014a4c      0x125 ./Core/Src/main.o
 .debug_macro   0x0000000000014b71      0x240 ./Core/Src/main.o
 .debug_macro   0x0000000000014db1      0x328 ./Core/Src/main.o
 .debug_macro   0x00000000000150d9      0x432 ./Core/Src/main.o
 .debug_macro   0x000000000001550b       0xeb ./Core/Src/main.o
 .debug_macro   0x00000000000155f6      0xac9 ./Core/Src/main.o
 .debug_macro   0x00000000000160bf      0x1a1 ./Core/Src/main.o
 .debug_macro   0x0000000000016260      0x693 ./Core/Src/main.o
 .debug_macro   0x00000000000168f3       0xa6 ./Core/Src/main.o
 .debug_macro   0x0000000000016999      0x4f2 ./Core/Src/main.o
 .debug_macro   0x0000000000016e8b       0x40 ./Core/Src/main.o
 .debug_macro   0x0000000000016ecb       0x18 ./Core/Src/main.o
 .debug_macro   0x0000000000016ee3       0x52 ./Core/Src/main.o
 .debug_macro   0x0000000000016f35       0x3c ./Core/Src/main.o
 .debug_macro   0x0000000000016f71       0x34 ./Core/Src/main.o
 .debug_macro   0x0000000000016fa5       0x16 ./Core/Src/main.o
 .debug_macro   0x0000000000016fbb       0x35 ./Core/Src/main.o
 .debug_macro   0x0000000000016ff0       0x16 ./Core/Src/main.o
 .debug_macro   0x0000000000017006       0x43 ./Core/Src/main.o
 .debug_macro   0x0000000000017049       0x34 ./Core/Src/main.o
 .debug_macro   0x000000000001707d       0x10 ./Core/Src/main.o
 .debug_macro   0x000000000001708d       0x58 ./Core/Src/main.o
 .debug_macro   0x00000000000170e5       0x71 ./Core/Src/main.o
 .debug_macro   0x0000000000017156       0x1c ./Core/Src/main.o
 .debug_macro   0x0000000000017172      0x12a ./Core/Src/main.o
 .debug_macro   0x000000000001729c      0x341 ./Core/Src/main.o
 .debug_macro   0x00000000000175dd       0x16 ./Core/Src/main.o
 .debug_macro   0x00000000000175f3       0x29 ./Core/Src/main.o
 .debug_macro   0x000000000001761c       0x1c ./Core/Src/main.o
 .debug_macro   0x0000000000017638       0x10 ./Core/Src/main.o
 .debug_macro   0x0000000000017648       0x10 ./Core/Src/main.o
 .debug_macro   0x0000000000017658       0x1c ./Core/Src/main.o
 .debug_macro   0x0000000000017674       0x52 ./Core/Src/main.o
 .debug_macro   0x00000000000176c6       0x22 ./Core/Src/main.o
 .debug_macro   0x00000000000176e8       0x10 ./Core/Src/main.o
 .debug_macro   0x00000000000176f8       0x52 ./Core/Src/main.o
 .debug_macro   0x000000000001774a       0xd5 ./Core/Src/main.o
 .debug_macro   0x000000000001781f       0x1c ./Core/Src/main.o
 .debug_macro   0x000000000001783b       0x3d ./Core/Src/main.o
 .debug_macro   0x0000000000017878       0x16 ./Core/Src/main.o
 .debug_macro   0x000000000001788e      0x145 ./Core/Src/main.o
 .debug_macro   0x00000000000179d3       0x16 ./Core/Src/main.o
 .debug_macro   0x00000000000179e9       0x20 ./Core/Src/main.o
 .debug_macro   0x0000000000017a09      0x207 ./Core/Src/stm32g0xx_hal_msp.o
 .debug_macro   0x0000000000017c10      0x211 ./Core/Src/stm32g0xx_it.o
 .debug_macro   0x0000000000017e21      0x1f8 ./Core/Src/system_stm32g0xx.o
 .debug_macro   0x0000000000018019      0x21c ./Drivers/STM32G0xx_HAL_Driver/Src/stm32g0xx_hal.o
 .debug_macro   0x0000000000018235      0x1f8 ./Drivers/STM32G0xx_HAL_Driver/Src/stm32g0xx_hal_cortex.o
 .debug_macro   0x000000000001842d      0x1f8 ./Drivers/STM32G0xx_HAL_Driver/Src/stm32g0xx_hal_dma.o
 .debug_macro   0x0000000000018625      0x1ff ./Drivers/STM32G0xx_HAL_Driver/Src/stm32g0xx_hal_gpio.o
 .debug_macro   0x0000000000018824      0x1f8 ./Drivers/STM32G0xx_HAL_Driver/Src/stm32g0xx_hal_pwr.o
 .debug_macro   0x0000000000018a1c      0x222 ./Drivers/STM32G0xx_HAL_Driver/Src/stm32g0xx_hal_pwr_ex.o
 .debug_macro   0x0000000000018c3e      0x234 ./Drivers/STM32G0xx_HAL_Driver/Src/stm32g0xx_hal_rcc.o
 .debug_macro   0x0000000000018e72      0x210 ./Drivers/STM32G0xx_HAL_Driver/Src/stm32g0xx_hal_rcc_ex.o
 .debug_macro   0x0000000000019082      0x1f9 ./Drivers/STM32G0xx_HAL_Driver/Src/stm32g0xx_hal_rtc.o
 .debug_macro   0x000000000001927b      0x1f8 ./Drivers/STM32G0xx_HAL_Driver/Src/stm32g0xx_hal_rtc_ex.o
 .debug_macro   0x0000000000019473      0x200 ./Drivers/STM32G0xx_HAL_Driver/Src/stm32g0xx_hal_tim.o
 .debug_macro   0x0000000000019673      0x1fe ./Drivers/STM32G0xx_HAL_Driver/Src/stm32g0xx_hal_tim_ex.o
 .debug_macro   0x0000000000019871      0x223 ./Drivers/STM32G0xx_HAL_Driver/Src/stm32g0xx_hal_uart.o
 .debug_macro   0x0000000000019a94      0x204 ./Drivers/STM32G0xx_HAL_Driver/Src/stm32g0xx_hal_uart_ex.o

.debug_line     0x0000000000000000    0x142a1
 .debug_line    0x0000000000000000      0xad4 ./Core/Src/main.o
 .debug_line    0x0000000000000ad4      0x840 ./Core/Src/stm32g0xx_hal_msp.o
 .debug_line    0x0000000000001314      0x7f0 ./Core/Src/stm32g0xx_it.o
 .debug_line    0x0000000000001b04      0x79e ./Core/Src/system_stm32g0xx.o
 .debug_line    0x00000000000022a2       0x89 ./Core/Startup/startup_stm32g071rbtx.o
 .debug_line    0x000000000000232b      0xad4 ./Drivers/STM32G0xx_HAL_Driver/Src/stm32g0xx_hal.o
 .debug_line    0x0000000000002dff      0xb55 ./Drivers/STM32G0xx_HAL_Driver/Src/stm32g0xx_hal_cortex.o
 .debug_line    0x0000000000003954      0xd75 ./Drivers/STM32G0xx_HAL_Driver/Src/stm32g0xx_hal_dma.o
 .debug_line    0x00000000000046c9      0xb41 ./Drivers/STM32G0xx_HAL_Driver/Src/stm32g0xx_hal_gpio.o
 .debug_line    0x000000000000520a      0x886 ./Drivers/STM32G0xx_HAL_Driver/Src/stm32g0xx_hal_pwr.o
 .debug_line    0x0000000000005a90      0xab9 ./Drivers/STM32G0xx_HAL_Driver/Src/stm32g0xx_hal_pwr_ex.o
 .debug_line    0x0000000000006549      0xeff ./Drivers/STM32G0xx_HAL_Driver/Src/stm32g0xx_hal_rcc.o
 .debug_line    0x0000000000007448      0xd10 ./Drivers/STM32G0xx_HAL_Driver/Src/stm32g0xx_hal_rcc_ex.o
 .debug_line    0x0000000000008158     0x1148 ./Drivers/STM32G0xx_HAL_Driver/Src/stm32g0xx_hal_rtc.o
 .debug_line    0x00000000000092a0     0x1520 ./Drivers/STM32G0xx_HAL_Driver/Src/stm32g0xx_hal_rtc_ex.o
 .debug_line    0x000000000000a7c0     0x3c2b ./Drivers/STM32G0xx_HAL_Driver/Src/stm32g0xx_hal_tim.o
 .debug_line    0x000000000000e3eb     0x1c72 ./Drivers/STM32G0xx_HAL_Driver/Src/stm32g0xx_hal_tim_ex.o
 .debug_line    0x000000000001005d     0x3471 ./Drivers/STM32G0xx_HAL_Driver/Src/stm32g0xx_hal_uart.o
 .debug_line    0x00000000000134ce      0xdd3 ./Drivers/STM32G0xx_HAL_Driver/Src/stm32g0xx_hal_uart_ex.o

.debug_str      0x0000000000000000    0xa774e
 .debug_str     0x0000000000000000    0xa325e ./Core/Src/main.o
                                      0xa389f (size before relaxing)
 .debug_str     0x00000000000a325e      0x2a7 ./Core/Src/stm32g0xx_hal_msp.o
                                      0x9f96c (size before relaxing)
 .debug_str     0x00000000000a3505      0x12c ./Core/Src/stm32g0xx_it.o
                                      0x9f4f1 (size before relaxing)
 .debug_str     0x00000000000a3631       0x8e ./Core/Src/system_stm32g0xx.o
                                      0x9ea0d (size before relaxing)
 .debug_str     0x00000000000a36bf       0x36 ./Core/Startup/startup_stm32g071rbtx.o
                                         0x73 (size before relaxing)
 .debug_str     0x00000000000a36f5      0x567 ./Drivers/STM32G0xx_HAL_Driver/Src/stm32g0xx_hal.o
                                      0x9f20a (size before relaxing)
 .debug_str     0x00000000000a3c5c      0x253 ./Drivers/STM32G0xx_HAL_Driver/Src/stm32g0xx_hal_cortex.o
                                      0x9ee9c (size before relaxing)
 .debug_str     0x00000000000a3eaf      0x28b ./Drivers/STM32G0xx_HAL_Driver/Src/stm32g0xx_hal_dma.o
                                      0x9eea7 (size before relaxing)
 .debug_str     0x00000000000a413a      0x18d ./Drivers/STM32G0xx_HAL_Driver/Src/stm32g0xx_hal_gpio.o
                                      0x9eb56 (size before relaxing)
 .debug_str     0x00000000000a42c7      0x203 ./Drivers/STM32G0xx_HAL_Driver/Src/stm32g0xx_hal_pwr.o
                                      0x9ec02 (size before relaxing)
 .debug_str     0x00000000000a44ca      0x302 ./Drivers/STM32G0xx_HAL_Driver/Src/stm32g0xx_hal_pwr_ex.o
                                      0x9ee9a (size before relaxing)
 .debug_str     0x00000000000a47cc      0x357 ./Drivers/STM32G0xx_HAL_Driver/Src/stm32g0xx_hal_rcc.o
                                      0x9f030 (size before relaxing)
 .debug_str     0x00000000000a4b23      0x152 ./Drivers/STM32G0xx_HAL_Driver/Src/stm32g0xx_hal_rcc_ex.o
                                      0x9edd7 (size before relaxing)
 .debug_str     0x00000000000a4c75      0x338 ./Drivers/STM32G0xx_HAL_Driver/Src/stm32g0xx_hal_rtc.o
                                      0x9eeff (size before relaxing)
 .debug_str     0x00000000000a4fad      0x686 ./Drivers/STM32G0xx_HAL_Driver/Src/stm32g0xx_hal_rtc_ex.o
                                      0x9f34c (size before relaxing)
 .debug_str     0x00000000000a5633      0xe8e ./Drivers/STM32G0xx_HAL_Driver/Src/stm32g0xx_hal_tim.o
                                      0x9ff3f (size before relaxing)
 .debug_str     0x00000000000a64c1      0x67e ./Drivers/STM32G0xx_HAL_Driver/Src/stm32g0xx_hal_tim_ex.o
                                      0x9f8dd (size before relaxing)
 .debug_str     0x00000000000a6b3f      0x9ab ./Drivers/STM32G0xx_HAL_Driver/Src/stm32g0xx_hal_uart.o
                                      0x9f9d8 (size before relaxing)
 .debug_str     0x00000000000a74ea      0x264 ./Drivers/STM32G0xx_HAL_Driver/Src/stm32g0xx_hal_uart_ex.o
                                      0x9f297 (size before relaxing)

.comment        0x0000000000000000       0x50
 .comment       0x0000000000000000       0x50 ./Core/Src/main.o
                                         0x51 (size before relaxing)
 .comment       0x0000000000000050       0x51 ./Core/Src/stm32g0xx_hal_msp.o
 .comment       0x0000000000000050       0x51 ./Core/Src/stm32g0xx_it.o
 .comment       0x0000000000000050       0x51 ./Core/Src/system_stm32g0xx.o
 .comment       0x0000000000000050       0x51 ./Drivers/STM32G0xx_HAL_Driver/Src/stm32g0xx_hal.o
 .comment       0x0000000000000050       0x51 ./Drivers/STM32G0xx_HAL_Driver/Src/stm32g0xx_hal_cortex.o
 .comment       0x0000000000000050       0x51 ./Drivers/STM32G0xx_HAL_Driver/Src/stm32g0xx_hal_dma.o
 .comment       0x0000000000000050       0x51 ./Drivers/STM32G0xx_HAL_Driver/Src/stm32g0xx_hal_gpio.o
 .comment       0x0000000000000050       0x51 ./Drivers/STM32G0xx_HAL_Driver/Src/stm32g0xx_hal_pwr.o
 .comment       0x0000000000000050       0x51 ./Drivers/STM32G0xx_HAL_Driver/Src/stm32g0xx_hal_pwr_ex.o
 .comment       0x0000000000000050       0x51 ./Drivers/STM32G0xx_HAL_Driver/Src/stm32g0xx_hal_rcc.o
 .comment       0x0000000000000050       0x51 ./Drivers/STM32G0xx_HAL_Driver/Src/stm32g0xx_hal_rcc_ex.o
 .comment       0x0000000000000050       0x51 ./Drivers/STM32G0xx_HAL_Driver/Src/stm32g0xx_hal_rtc.o
 .comment       0x0000000000000050       0x51 ./Drivers/STM32G0xx_HAL_Driver/Src/stm32g0xx_hal_rtc_ex.o
 .comment       0x0000000000000050       0x51 ./Drivers/STM32G0xx_HAL_Driver/Src/stm32g0xx_hal_tim.o
 .comment       0x0000000000000050       0x51 ./Drivers/STM32G0xx_HAL_Driver/Src/stm32g0xx_hal_tim_ex.o
 .comment       0x0000000000000050       0x51 ./Drivers/STM32G0xx_HAL_Driver/Src/stm32g0xx_hal_uart.o
 .comment       0x0000000000000050       0x51 ./Drivers/STM32G0xx_HAL_Driver/Src/stm32g0xx_hal_uart_ex.o

.debug_frame    0x0000000000000000     0x3ed0
 .debug_frame   0x0000000000000000       0xfc ./Core/Src/main.o
 .debug_frame   0x00000000000000fc       0xf0 ./Core/Src/stm32g0xx_hal_msp.o
 .debug_frame   0x00000000000001ec      0x10c ./Core/Src/stm32g0xx_it.o
 .debug_frame   0x00000000000002f8       0x4c ./Core/Src/system_stm32g0xx.o
 .debug_frame   0x0000000000000344      0x3dc ./Drivers/STM32G0xx_HAL_Driver/Src/stm32g0xx_hal.o
 .debug_frame   0x0000000000000720      0x2fc ./Drivers/STM32G0xx_HAL_Driver/Src/stm32g0xx_hal_cortex.o
 .debug_frame   0x0000000000000a1c      0x1f0 ./Drivers/STM32G0xx_HAL_Driver/Src/stm32g0xx_hal_dma.o
 .debug_frame   0x0000000000000c0c      0x130 ./Drivers/STM32G0xx_HAL_Driver/Src/stm32g0xx_hal_gpio.o
 .debug_frame   0x0000000000000d3c      0x170 ./Drivers/STM32G0xx_HAL_Driver/Src/stm32g0xx_hal_pwr.o
 .debug_frame   0x0000000000000eac      0x32c ./Drivers/STM32G0xx_HAL_Driver/Src/stm32g0xx_hal_pwr_ex.o
 .debug_frame   0x00000000000011d8      0x214 ./Drivers/STM32G0xx_HAL_Driver/Src/stm32g0xx_hal_rcc.o
 .debug_frame   0x00000000000013ec       0xb0 ./Drivers/STM32G0xx_HAL_Driver/Src/stm32g0xx_hal_rcc_ex.o
 .debug_frame   0x000000000000149c      0x360 ./Drivers/STM32G0xx_HAL_Driver/Src/stm32g0xx_hal_rtc.o
 .debug_frame   0x00000000000017fc      0x578 ./Drivers/STM32G0xx_HAL_Driver/Src/stm32g0xx_hal_rtc_ex.o
 .debug_frame   0x0000000000001d74      0xf40 ./Drivers/STM32G0xx_HAL_Driver/Src/stm32g0xx_hal_tim.o
 .debug_frame   0x0000000000002cb4      0x620 ./Drivers/STM32G0xx_HAL_Driver/Src/stm32g0xx_hal_tim_ex.o
 .debug_frame   0x00000000000032d4      0x8d8 ./Drivers/STM32G0xx_HAL_Driver/Src/stm32g0xx_hal_uart.o
 .debug_frame   0x0000000000003bac      0x25c ./Drivers/STM32G0xx_HAL_Driver/Src/stm32g0xx_hal_uart_ex.o
 .debug_frame   0x0000000000003e08       0x2c c:/st/stm32cubeide_1.7.0/stm32cubeide/plugins/com.st.stm32cube.ide.mcu.externaltools.gnu-tools-for-stm32.10.3-2021.10.win32_1.0.0.202111181127/tools/bin/../lib/gcc/arm-none-eabi/10.3.1/../../../../arm-none-eabi/lib/thumb/v6-m/nofp\libc_nano.a(lib_a-init.o)
 .debug_frame   0x0000000000003e34       0x20 c:/st/stm32cubeide_1.7.0/stm32cubeide/plugins/com.st.stm32cube.ide.mcu.externaltools.gnu-tools-for-stm32.10.3-2021.10.win32_1.0.0.202111181127/tools/bin/../lib/gcc/arm-none-eabi/10.3.1/../../../../arm-none-eabi/lib/thumb/v6-m/nofp\libc_nano.a(lib_a-memset.o)
 .debug_frame   0x0000000000003e54       0x20 c:/st/stm32cubeide_1.7.0/stm32cubeide/plugins/com.st.stm32cube.ide.mcu.externaltools.gnu-tools-for-stm32.10.3-2021.10.win32_1.0.0.202111181127/tools/bin/../lib/gcc/arm-none-eabi/10.3.1/thumb/v6-m/nofp\libgcc.a(_udivsi3.o)
 .debug_frame   0x0000000000003e74       0x20 c:/st/stm32cubeide_1.7.0/stm32cubeide/plugins/com.st.stm32cube.ide.mcu.externaltools.gnu-tools-for-stm32.10.3-2021.10.win32_1.0.0.202111181127/tools/bin/../lib/gcc/arm-none-eabi/10.3.1/thumb/v6-m/nofp\libgcc.a(_divsi3.o)
 .debug_frame   0x0000000000003e94       0x3c c:/st/stm32cubeide_1.7.0/stm32cubeide/plugins/com.st.stm32cube.ide.mcu.externaltools.gnu-tools-for-stm32.10.3-2021.10.win32_1.0.0.202111181127/tools/bin/../lib/gcc/arm-none-eabi/10.3.1/thumb/v6-m/nofp\libgcc.a(_udivmoddi4.o)
