../Core/Src/main.c:89:5:main	8	static
../Core/Src/main.c:140:6:SystemClock_Config	88	static
../Core/Src/main.c:187:13:MX_RTC_Init	8	static
../Core/Src/main.c:231:13:MX_TIM14_Init	8	static
../Core/Src/main.c:262:13:MX_USART2_UART_Init	8	static
../Core/Src/main.c:308:13:MX_DMA_Init	16	static
../Core/Src/main.c:326:13:MX_GPIO_Init	24	static
../Core/Src/main.c:337:6:uart_comm	32	static
../Core/Src/main.c:366:19:send_string_2_uart	16	static
../Core/Src/main.c:371:6:receive_dma_uart	8	static
../Core/Src/main.c:377:6:clean_buff	16	static
../Core/Src/main.c:383:6:HAL_UARTEx_RxEventCallback	16	static
../Core/Src/main.c:393:6:HAL_TIM_PeriodElapsedCallback	16	static
../Core/Src/main.c:407:6:Error_Handler	8	static,ignoring_inline_asm
