../Core/Src/main.c:86:5:main	8	static
../Core/Src/main.c:136:6:SystemClock_Config	88	static
../Core/Src/main.c:183:13:MX_RTC_Init	8	static
../Core/Src/main.c:227:13:MX_TIM14_Init	8	static
../Core/Src/main.c:258:13:MX_USART2_UART_Init	8	static
../Core/Src/main.c:304:13:MX_DMA_Init	16	static
../Core/Src/main.c:322:13:MX_GPIO_Init	24	static
../Core/Src/main.c:333:6:uart_comm	32	static
../Core/Src/main.c:369:19:send_string_2_uart	16	static
../Core/Src/main.c:374:6:receive_dma_uart	8	static
../Core/Src/main.c:380:6:HAL_UARTEx_RxEventCallback	16	static
../Core/Src/main.c:389:6:HAL_TIM_PeriodElapsedCallback	16	static
../Core/Src/main.c:403:6:Error_Handler	8	static,ignoring_inline_asm
